das sind log daten